// Jest Snapshot v1, https://goo.gl/fbAQLP

exports[`matches snapshot 1`] = `
<DocumentFragment>
  <div
    class="visible sc-EHOje blCErN"
  >
    <div
      class="sc-bxivhb bUZGRr"
    >
      <div
        class="sc-ifAKCX cFlEyZ"
      />
      <svg
        fill="currentColor"
        height="1em"
        stroke="currentColor"
        stroke-width="0"
        viewBox="0 0 24 24"
        width="1em"
        xmlns="http://www.w3.org/2000/svg"
      >
        <path
          d="M7 2v11h3v9l7-12h-4l4-8z"
        />
      </svg>
    </div>
  </div>
</DocumentFragment>
`;
